
> build
> vite build

vite v7.3.1 building client environment for production...
transforming...
✓ 1 modules transformed.
✗ Build failed in 30ms
error during build:
[@tailwindcss/vite:generate:build] Can't resolve 'flowbite/src/themes/default' in '/home/maximo/UTJ/desarrollo_web/papeleria2/papeleria/resources/css'
file: /home/maximo/UTJ/desarrollo_web/papeleria2/papeleria/resources/css/app.css
    at finishWithoutResolve (/home/maximo/UTJ/desarrollo_web/papeleria2/papeleria/node_modules/enhanced-resolve/lib/Resolver.js:586:18)
    at /home/maximo/UTJ/desarrollo_web/papeleria2/papeleria/node_modules/enhanced-resolve/lib/Resolver.js:678:14
    at /home/maximo/UTJ/desarrollo_web/papeleria2/papeleria/node_modules/enhanced-resolve/lib/Resolver.js:739:5
    at eval (eval at create (/home/maximo/UTJ/desarrollo_web/papeleria2/papeleria/node_modules/tapable/lib/HookCodeFactory.js:31:10), <anonymous>:15:1)
    at /home/maximo/UTJ/desarrollo_web/papeleria2/papeleria/node_modules/enhanced-resolve/lib/Resolver.js:739:5
    at eval (eval at create (/home/maximo/UTJ/desarrollo_web/papeleria2/papeleria/node_modules/tapable/lib/HookCodeFactory.js:31:10), <anonymous>:27:1)
    at /home/maximo/UTJ/desarrollo_web/papeleria2/papeleria/node_modules/enhanced-resolve/lib/DescriptionFilePlugin.js:89:43
    at /home/maximo/UTJ/desarrollo_web/papeleria2/papeleria/node_modules/enhanced-resolve/lib/Resolver.js:739:5
    at eval (eval at create (/home/maximo/UTJ/desarrollo_web/papeleria2/papeleria/node_modules/tapable/lib/HookCodeFactory.js:31:10), <anonymous>:15:1)
    at /home/maximo/UTJ/desarrollo_web/papeleria2/papeleria/node_modules/enhanced-resolve/lib/Resolver.js:739:5
